exports[`Properties component should render the properties correctly 1`] = `
<div
  className="item-list">
  <Property
    columns="3"
    name="Water"
    value={5} />
  <Property
    columns="3"
    name="Food"
    value={4} />
  <Property
    columns="3"
    name="Ammunition"
    value={3} />
  <Property
    columns="3"
    name="Medication"
    value={2} />
</div>
`;
