exports[`Test suite for Survivor Suvivor should render info correctly 1`] = `
<div
  className="col-xs-12 survivor ">
  <div
    className="col-xs-12 name">
    Test
  </div>
  <div
    className="col-xs-12 info">
    MALE
     | 
    10
  </div>
  <Component
    columns="6" />
  <Distance />
</div>
`;
